2026.09.06 18:38:05 INFO  Started: Metals version 1.6.8 in folders 'D:\personal joffre barre\UESS - INGENIERIA COMPUTACION\Diseño de Software\Sistema_gestion_tutorias\Semana4\Act2-adapter-facade\Act2-adapter-facade\src\main\java\edu\uees\disenosoftware\domain' for client Visual Studio Code 1.136.1.
2026.09.06 18:38:05 INFO  time: initialize in 0.12s
2026.09.06 18:38:05 INFO  Memory monitor started
2026.09.06 18:38:09 WARN  Using H2 2.4.240 which is newer than the version Flyway has been verified with. The latest verified version of H2 is 2.3.232.
2026.09.06 18:38:11 INFO  no build target found for D:\personal joffre barre\UESS - INGENIERIA COMPUTACION\Diseño de Software\Sistema_gestion_tutorias\Semana4\Act2-adapter-facade\Act2-adapter-facade\src\main\java\edu\uees\disenosoftware\domain\Reserva.java. Using fallback presentation compiler.
2026.09.06 18:38:13 WARN  no build tool detected in workspace 'D:\personal joffre barre\UESS - INGENIERIA COMPUTACION\Diseño de Software\Sistema_gestion_tutorias\Semana4\Act2-adapter-facade\Act2-adapter-facade\src\main\java\edu\uees\disenosoftware\domain'. The most common cause for this problem is that the editor was opened in the wrong working directory, for example if you use sbt then the workspace directory should contain build.sbt. 
2026.09.06 18:38:13 WARN  Build server is not auto-connectable.
2026.09.06 18:38:13 WARN  no build target for: D:\personal joffre barre\UESS - INGENIERIA COMPUTACION\Diseño de Software\Sistema_gestion_tutorias\Semana4\Act2-adapter-facade\Act2-adapter-facade\src\main\java\edu\uees\disenosoftware\domain\Docente.java
2026.09.06 18:38:13 INFO  no build target found for D:\personal joffre barre\UESS - INGENIERIA COMPUTACION\Diseño de Software\Sistema_gestion_tutorias\Semana4\Act2-adapter-facade\Act2-adapter-facade\src\main\java\edu\uees\disenosoftware\domain\Reserva.java. Using fallback presentation compiler.
2026.09.06 18:38:13 WARN  no build target for: D:\personal joffre barre\UESS - INGENIERIA COMPUTACION\Diseño de Software\Sistema_gestion_tutorias\Semana4\Act2-adapter-facade\Act2-adapter-facade\src\main\java\edu\uees\disenosoftware\domain\Estudiante.java
2026.09.06 18:38:13 WARN  no build target for: D:\personal joffre barre\UESS - INGENIERIA COMPUTACION\Diseño de Software\Sistema_gestion_tutorias\Semana4\Act2-adapter-facade\Act2-adapter-facade\src\main\java\edu\uees\disenosoftware\domain\Reserva.java
2026.09.06 18:38:16 WARN  Running javac-semanticdb failed for file:///D:/personal%20joffre%20barre/UESS%20-%20INGENIERIA%20COMPUTACION/Diseño%20de%20Software/Sistema_gestion_tutorias/Semana4/Act2-adapter-facade/Act2-adapter-facade/src/main/java/edu/uees/disenosoftware/domain/Estudiante.java. Output:

2026.09.06 18:38:16 WARN  Running javac-semanticdb failed for file:///D:/personal%20joffre%20barre/UESS%20-%20INGENIERIA%20COMPUTACION/Diseño%20de%20Software/Sistema_gestion_tutorias/Semana4/Act2-adapter-facade/Act2-adapter-facade/src/main/java/edu/uees/disenosoftware/domain/Docente.java. Output:

2026.09.06 18:38:16 WARN  no build target for: D:\personal joffre barre\UESS - INGENIERIA COMPUTACION\Diseño de Software\Sistema_gestion_tutorias\Semana4\Act2-adapter-facade\Act2-adapter-facade\src\main\java\edu\uees\disenosoftware\domain\Reserva.java
2026.09.06 18:38:17 WARN  Running javac-semanticdb failed for file:///D:/personal%20joffre%20barre/UESS%20-%20INGENIERIA%20COMPUTACION/Diseño%20de%20Software/Sistema_gestion_tutorias/Semana4/Act2-adapter-facade/Act2-adapter-facade/src/main/java/edu/uees/disenosoftware/domain/Reserva.java. Output:

2026.09.06 18:38:17 INFO  time: code lens generation in 3.39s
2026.09.06 18:38:17 INFO  no build target found for D:\personal joffre barre\UESS - INGENIERIA COMPUTACION\Diseño de Software\Sistema_gestion_tutorias\Semana4\Act2-adapter-facade\Act2-adapter-facade\src\main\java\edu\uees\disenosoftware\domain\Reserva.java. Using fallback presentation compiler.
2026.09.06 18:38:17 INFO  no build target found for D:\personal joffre barre\UESS - INGENIERIA COMPUTACION\Diseño de Software\Sistema_gestion_tutorias\Semana4\Act2-adapter-facade\Act2-adapter-facade\src\main\java\edu\uees\disenosoftware\domain\Reserva.java. Using fallback presentation compiler.
2026.09.06 18:38:19 INFO  no build target found for D:\personal joffre barre\UESS - INGENIERIA COMPUTACION\Diseño de Software\Sistema_gestion_tutorias\Semana4\Act2-adapter-facade\Act2-adapter-facade\src\main\java\edu\uees\disenosoftware\domain\Reserva.java. Using fallback presentation compiler.
2026.09.06 18:38:24 INFO  no build target found for D:\personal joffre barre\UESS - INGENIERIA COMPUTACION\Diseño de Software\Sistema_gestion_tutorias\Semana4\Act2-adapter-facade\Act2-adapter-facade\src\main\java\edu\uees\disenosoftware\domain\Reserva.java. Using fallback presentation compiler.
sept 06, 2026 6:38:25 P. M. org.eclipse.lsp4j.jsonrpc.RemoteEndpoint handleCancellation
ADVERTENCIA: Unmatched cancel notification for request id 4
2026.09.06 18:38:28 INFO  no build target found for D:\personal joffre barre\UESS - INGENIERIA COMPUTACION\Diseño de Software\Sistema_gestion_tutorias\Semana4\Act2-adapter-facade\Act2-adapter-facade\src\main\java\edu\uees\disenosoftware\domain\Reserva.java. Using fallback presentation compiler.
sept 06, 2026 6:38:29 P. M. org.eclipse.lsp4j.jsonrpc.RemoteEndpoint handleCancellation
ADVERTENCIA: Unmatched cancel notification for request id 15
2026.09.06 18:38:29 INFO  no build target found for D:\personal joffre barre\UESS - INGENIERIA COMPUTACION\Diseño de Software\Sistema_gestion_tutorias\Semana4\Act2-adapter-facade\Act2-adapter-facade\src\main\java\edu\uees\disenosoftware\domain\Reserva.java. Using fallback presentation compiler.
2026.09.06 18:38:30 INFO  no build target found for D:\personal joffre barre\UESS - INGENIERIA COMPUTACION\Diseño de Software\Sistema_gestion_tutorias\Semana4\Act2-adapter-facade\Act2-adapter-facade\src\main\java\edu\uees\disenosoftware\domain\Reserva.java. Using fallback presentation compiler.
2026.09.06 18:41:32 INFO  Shutting down server
2026.09.06 18:41:32 INFO  Memory monitor stopped
2026.09.06 18:41:32 INFO  shutting down Metals
2026.09.06 18:41:32 INFO  Exiting server
