2026.09.06 18:42:15 INFO  Started: Metals version 1.6.8 in folders 'D:\personal joffre barre\UESS - INGENIERIA COMPUTACION\Diseño de Software\Sistema_gestion_tutorias\Semana4\Act2-adapter-facade\Act2-adapter-facade\src\main\java\edu\uees\disenosoftware\adapter' for client Visual Studio Code 1.136.1.
2026.09.06 18:42:15 INFO  time: initialize in 0.13s
2026.09.06 18:42:15 INFO  Memory monitor started
2026.09.06 18:42:23 WARN  Using H2 2.4.240 which is newer than the version Flyway has been verified with. The latest verified version of H2 is 2.3.232.
2026.09.06 18:42:23 INFO  no build target found for D:\personal joffre barre\UESS - INGENIERIA COMPUTACION\Diseño de Software\Sistema_gestion_tutorias\Semana4\Act2-adapter-facade\Act2-adapter-facade\src\main\java\edu\uees\disenosoftware\adapter\Videoconferencia.java. Using fallback presentation compiler.
sept 06, 2026 6:42:25 P. M. org.eclipse.lsp4j.jsonrpc.RemoteEndpoint handleCancellation
ADVERTENCIA: Unmatched cancel notification for request id 2
2026.09.06 18:42:26 INFO  no build target found for D:\personal joffre barre\UESS - INGENIERIA COMPUTACION\Diseño de Software\Sistema_gestion_tutorias\Semana4\Act2-adapter-facade\Act2-adapter-facade\src\main\java\edu\uees\disenosoftware\adapter\Videoconferencia.java. Using fallback presentation compiler.
2026.09.06 18:42:27 WARN  no build tool detected in workspace 'D:\personal joffre barre\UESS - INGENIERIA COMPUTACION\Diseño de Software\Sistema_gestion_tutorias\Semana4\Act2-adapter-facade\Act2-adapter-facade\src\main\java\edu\uees\disenosoftware\adapter'. The most common cause for this problem is that the editor was opened in the wrong working directory, for example if you use sbt then the workspace directory should contain build.sbt. 
2026.09.06 18:42:27 WARN  Build server is not auto-connectable.
2026.09.06 18:42:27 WARN  no build target for: D:\personal joffre barre\UESS - INGENIERIA COMPUTACION\Diseño de Software\Sistema_gestion_tutorias\Semana4\Act2-adapter-facade\Act2-adapter-facade\src\main\java\edu\uees\disenosoftware\adapter\Videoconferencia.java
2026.09.06 18:42:28 WARN  Running javac-semanticdb failed for file:///D:/personal%20joffre%20barre/UESS%20-%20INGENIERIA%20COMPUTACION/Diseño%20de%20Software/Sistema_gestion_tutorias/Semana4/Act2-adapter-facade/Act2-adapter-facade/src/main/java/edu/uees/disenosoftware/adapter/Videoconferencia.java. Output:

sept 06, 2026 6:42:29 P. M. org.eclipse.lsp4j.jsonrpc.RemoteEndpoint handleCancellation
ADVERTENCIA: Unmatched cancel notification for request id 7
2026.09.06 18:42:29 INFO  no build target found for D:\personal joffre barre\UESS - INGENIERIA COMPUTACION\Diseño de Software\Sistema_gestion_tutorias\Semana4\Act2-adapter-facade\Act2-adapter-facade\src\main\java\edu\uees\disenosoftware\adapter\Videoconferencia.java. Using fallback presentation compiler.
2026.09.06 18:42:30 WARN  no build target for: D:\personal joffre barre\UESS - INGENIERIA COMPUTACION\Diseño de Software\Sistema_gestion_tutorias\Semana4\Act2-adapter-facade\Act2-adapter-facade\src\main\java\edu\uees\disenosoftware\adapter\ProveedorZoom.java
2026.09.06 18:42:30 WARN  Running javac-semanticdb failed for file:///D:/personal%20joffre%20barre/UESS%20-%20INGENIERIA%20COMPUTACION/Diseño%20de%20Software/Sistema_gestion_tutorias/Semana4/Act2-adapter-facade/Act2-adapter-facade/src/main/java/edu/uees/disenosoftware/adapter/ProveedorZoom.java. Output:

2026.09.06 18:42:31 INFO  no build target found for D:\personal joffre barre\UESS - INGENIERIA COMPUTACION\Diseño de Software\Sistema_gestion_tutorias\Semana4\Act2-adapter-facade\Act2-adapter-facade\src\main\java\edu\uees\disenosoftware\adapter\ProveedorZoom.java. Using fallback presentation compiler.
2026.09.06 18:42:41 INFO  no build target found for D:\personal joffre barre\UESS - INGENIERIA COMPUTACION\Diseño de Software\Sistema_gestion_tutorias\Semana4\Act2-adapter-facade\Act2-adapter-facade\src\main\java\edu\uees\disenosoftware\adapter\ProveedorZoom.java. Using fallback presentation compiler.
2026.09.06 18:42:41 INFO  no build target found for D:\personal joffre barre\UESS - INGENIERIA COMPUTACION\Diseño de Software\Sistema_gestion_tutorias\Semana4\Act2-adapter-facade\Act2-adapter-facade\src\main\java\edu\uees\disenosoftware\adapter\ProveedorZoom.java. Using fallback presentation compiler.
2026.09.06 18:42:41 INFO  no build target found for D:\personal joffre barre\UESS - INGENIERIA COMPUTACION\Diseño de Software\Sistema_gestion_tutorias\Semana4\Act2-adapter-facade\Act2-adapter-facade\src\main\java\edu\uees\disenosoftware\adapter\ProveedorZoom.java. Using fallback presentation compiler.
2026.09.06 18:42:45 WARN  no build target for: D:\personal joffre barre\UESS - INGENIERIA COMPUTACION\Diseño de Software\Sistema_gestion_tutorias\Semana4\Act2-adapter-facade\Act2-adapter-facade\src\main\java\edu\uees\disenosoftware\adapter\ProveedorZoom.java
2026.09.06 18:42:46 WARN  Running javac-semanticdb failed for file:///D:/personal%20joffre%20barre/UESS%20-%20INGENIERIA%20COMPUTACION/Diseño%20de%20Software/Sistema_gestion_tutorias/Semana4/Act2-adapter-facade/Act2-adapter-facade/src/main/java/edu/uees/disenosoftware/adapter/ProveedorZoom.java. Output:

2026.09.06 18:42:49 INFO  no build target found for D:\personal joffre barre\UESS - INGENIERIA COMPUTACION\Diseño de Software\Sistema_gestion_tutorias\Semana4\Act2-adapter-facade\Act2-adapter-facade\src\main\java\edu\uees\disenosoftware\adapter\ProveedorZoom.java. Using fallback presentation compiler.
sept 06, 2026 6:42:50 P. M. org.eclipse.lsp4j.jsonrpc.RemoteEndpoint handleCancellation
ADVERTENCIA: Unmatched cancel notification for request id 28
2026.09.06 18:42:49 INFO  no build target found for D:\personal joffre barre\UESS - INGENIERIA COMPUTACION\Diseño de Software\Sistema_gestion_tutorias\Semana4\Act2-adapter-facade\Act2-adapter-facade\src\main\java\edu\uees\disenosoftware\adapter\ProveedorZoom.java. Using fallback presentation compiler.
2026.09.06 18:42:51 INFO  no build target found for D:\personal joffre barre\UESS - INGENIERIA COMPUTACION\Diseño de Software\Sistema_gestion_tutorias\Semana4\Act2-adapter-facade\Act2-adapter-facade\src\main\java\edu\uees\disenosoftware\adapter\ProveedorZoom.java. Using fallback presentation compiler.
2026.09.06 18:43:06 INFO  no build target found for D:\personal joffre barre\UESS - INGENIERIA COMPUTACION\Diseño de Software\Sistema_gestion_tutorias\Semana4\Act2-adapter-facade\Act2-adapter-facade\src\main\java\edu\uees\disenosoftware\adapter\ProveedorZoom.java. Using fallback presentation compiler.
2026.09.06 18:43:15 INFO  no build target found for D:\personal joffre barre\UESS - INGENIERIA COMPUTACION\Diseño de Software\Sistema_gestion_tutorias\Semana4\Act2-adapter-facade\Act2-adapter-facade\src\main\java\edu\uees\disenosoftware\adapter\ProveedorZoom.java. Using fallback presentation compiler.
2026.09.06 18:43:15 INFO  no build target found for D:\personal joffre barre\UESS - INGENIERIA COMPUTACION\Diseño de Software\Sistema_gestion_tutorias\Semana4\Act2-adapter-facade\Act2-adapter-facade\src\main\java\edu\uees\disenosoftware\adapter\ProveedorZoom.java. Using fallback presentation compiler.
2026.09.06 18:43:16 INFO  no build target found for D:\personal joffre barre\UESS - INGENIERIA COMPUTACION\Diseño de Software\Sistema_gestion_tutorias\Semana4\Act2-adapter-facade\Act2-adapter-facade\src\main\java\edu\uees\disenosoftware\adapter\ProveedorZoom.java. Using fallback presentation compiler.
2026.09.06 18:43:17 WARN  Running javac-semanticdb failed for file:///D:/personal%20joffre%20barre/UESS%20-%20INGENIERIA%20COMPUTACION/Diseño%20de%20Software/Sistema_gestion_tutorias/Semana4/Act2-adapter-facade/Act2-adapter-facade/src/main/java/edu/uees/disenosoftware/adapter/ProveedorZoom.java. Output:

2026.09.06 18:43:16 INFO  no build target found for D:\personal joffre barre\UESS - INGENIERIA COMPUTACION\Diseño de Software\Sistema_gestion_tutorias\Semana4\Act2-adapter-facade\Act2-adapter-facade\src\main\java\edu\uees\disenosoftware\adapter\ProveedorZoom.java. Using fallback presentation compiler.
2026.09.06 18:43:16 INFO  no build target found for D:\personal joffre barre\UESS - INGENIERIA COMPUTACION\Diseño de Software\Sistema_gestion_tutorias\Semana4\Act2-adapter-facade\Act2-adapter-facade\src\main\java\edu\uees\disenosoftware\adapter\ProveedorZoom.java. Using fallback presentation compiler.
2026.09.06 18:43:17 WARN  Running javac-semanticdb failed for file:///D:/personal%20joffre%20barre/UESS%20-%20INGENIERIA%20COMPUTACION/Diseño%20de%20Software/Sistema_gestion_tutorias/Semana4/Act2-adapter-facade/Act2-adapter-facade/src/main/java/edu/uees/disenosoftware/adapter/ProveedorZoom.java. Output:

2026.09.06 18:43:18 INFO  no build target found for D:\personal joffre barre\UESS - INGENIERIA COMPUTACION\Diseño de Software\Sistema_gestion_tutorias\Semana4\Act2-adapter-facade\Act2-adapter-facade\src\main\java\edu\uees\disenosoftware\adapter\ProveedorZoom.java. Using fallback presentation compiler.
2026.09.06 18:43:18 INFO  no build target found for D:\personal joffre barre\UESS - INGENIERIA COMPUTACION\Diseño de Software\Sistema_gestion_tutorias\Semana4\Act2-adapter-facade\Act2-adapter-facade\src\main\java\edu\uees\disenosoftware\adapter\ProveedorZoom.java. Using fallback presentation compiler.
2026.09.06 18:43:21 INFO  no build target found for D:\personal joffre barre\UESS - INGENIERIA COMPUTACION\Diseño de Software\Sistema_gestion_tutorias\Semana4\Act2-adapter-facade\Act2-adapter-facade\src\main\java\edu\uees\disenosoftware\adapter\ProveedorZoom.java. Using fallback presentation compiler.
2026.09.06 18:43:21 INFO  no build target found for D:\personal joffre barre\UESS - INGENIERIA COMPUTACION\Diseño de Software\Sistema_gestion_tutorias\Semana4\Act2-adapter-facade\Act2-adapter-facade\src\main\java\edu\uees\disenosoftware\adapter\ProveedorZoom.java. Using fallback presentation compiler.
2026.09.06 18:43:22 INFO  no build target found for D:\personal joffre barre\UESS - INGENIERIA COMPUTACION\Diseño de Software\Sistema_gestion_tutorias\Semana4\Act2-adapter-facade\Act2-adapter-facade\src\main\java\edu\uees\disenosoftware\adapter\ProveedorZoom.java. Using fallback presentation compiler.
2026.09.06 18:43:22 WARN  Running javac-semanticdb failed for file:///D:/personal%20joffre%20barre/UESS%20-%20INGENIERIA%20COMPUTACION/Diseño%20de%20Software/Sistema_gestion_tutorias/Semana4/Act2-adapter-facade/Act2-adapter-facade/src/main/java/edu/uees/disenosoftware/adapter/ProveedorZoom.java. Output:

2026.09.06 18:43:24 INFO  no build target found for D:\personal joffre barre\UESS - INGENIERIA COMPUTACION\Diseño de Software\Sistema_gestion_tutorias\Semana4\Act2-adapter-facade\Act2-adapter-facade\src\main\java\edu\uees\disenosoftware\adapter\ProveedorZoom.java. Using fallback presentation compiler.
2026.09.06 18:43:34 INFO  no build target found for D:\personal joffre barre\UESS - INGENIERIA COMPUTACION\Diseño de Software\Sistema_gestion_tutorias\Semana4\Act2-adapter-facade\Act2-adapter-facade\src\main\java\edu\uees\disenosoftware\adapter\ProveedorZoom.java. Using fallback presentation compiler.
2026.09.06 18:43:34 INFO  no build target found for D:\personal joffre barre\UESS - INGENIERIA COMPUTACION\Diseño de Software\Sistema_gestion_tutorias\Semana4\Act2-adapter-facade\Act2-adapter-facade\src\main\java\edu\uees\disenosoftware\adapter\ProveedorZoom.java. Using fallback presentation compiler.
2026.09.06 18:43:34 WARN  Running javac-semanticdb failed for file:///D:/personal%20joffre%20barre/UESS%20-%20INGENIERIA%20COMPUTACION/Diseño%20de%20Software/Sistema_gestion_tutorias/Semana4/Act2-adapter-facade/Act2-adapter-facade/src/main/java/edu/uees/disenosoftware/adapter/ProveedorZoom.java. Output:

2026.09.06 18:43:34 INFO  no build target found for D:\personal joffre barre\UESS - INGENIERIA COMPUTACION\Diseño de Software\Sistema_gestion_tutorias\Semana4\Act2-adapter-facade\Act2-adapter-facade\src\main\java\edu\uees\disenosoftware\adapter\ProveedorZoom.java. Using fallback presentation compiler.
2026.09.06 18:43:36 INFO  no build target found for D:\personal joffre barre\UESS - INGENIERIA COMPUTACION\Diseño de Software\Sistema_gestion_tutorias\Semana4\Act2-adapter-facade\Act2-adapter-facade\src\main\java\edu\uees\disenosoftware\adapter\ProveedorZoom.java. Using fallback presentation compiler.
2026.09.06 18:43:42 WARN  no build target for: D:\personal joffre barre\UESS - INGENIERIA COMPUTACION\Diseño de Software\Sistema_gestion_tutorias\Semana4\Act2-adapter-facade\Act2-adapter-facade\src\main\java\edu\uees\disenosoftware\adapter\ProveedorZoom.java
2026.09.06 18:43:42 INFO  no build target found for D:\personal joffre barre\UESS - INGENIERIA COMPUTACION\Diseño de Software\Sistema_gestion_tutorias\Semana4\Act2-adapter-facade\Act2-adapter-facade\src\main\java\edu\uees\disenosoftware\adapter\ProveedorZoom.java. Using fallback presentation compiler.
2026.09.06 18:44:49 WARN  no build target for: D:\personal joffre barre\UESS - INGENIERIA COMPUTACION\Diseño de Software\Sistema_gestion_tutorias\Semana4\Act2-adapter-facade\Act2-adapter-facade\src\main\java\edu\uees\disenosoftware\adapter\ZoomAdapter.java
2026.09.06 18:44:49 INFO  no build target found for D:\personal joffre barre\UESS - INGENIERIA COMPUTACION\Diseño de Software\Sistema_gestion_tutorias\Semana4\Act2-adapter-facade\Act2-adapter-facade\src\main\java\edu\uees\disenosoftware\adapter\ZoomAdapter.java. Using fallback presentation compiler.
2026.09.06 18:44:49 WARN  Running javac-semanticdb failed for file:///D:/personal%20joffre%20barre/UESS%20-%20INGENIERIA%20COMPUTACION/Diseño%20de%20Software/Sistema_gestion_tutorias/Semana4/Act2-adapter-facade/Act2-adapter-facade/src/main/java/edu/uees/disenosoftware/adapter/ZoomAdapter.java. Output:

2026.09.06 18:44:50 INFO  no build target found for D:\personal joffre barre\UESS - INGENIERIA COMPUTACION\Diseño de Software\Sistema_gestion_tutorias\Semana4\Act2-adapter-facade\Act2-adapter-facade\src\main\java\edu\uees\disenosoftware\adapter\ZoomAdapter.java. Using fallback presentation compiler.
2026.09.06 18:44:50 INFO  no build target found for D:\personal joffre barre\UESS - INGENIERIA COMPUTACION\Diseño de Software\Sistema_gestion_tutorias\Semana4\Act2-adapter-facade\Act2-adapter-facade\src\main\java\edu\uees\disenosoftware\adapter\ZoomAdapter.java. Using fallback presentation compiler.
sept 06, 2026 6:44:50 P. M. org.eclipse.lsp4j.jsonrpc.RemoteEndpoint handleCancellation
ADVERTENCIA: Unmatched cancel notification for request id 77
2026.09.06 18:44:49 INFO  no build target found for D:\personal joffre barre\UESS - INGENIERIA COMPUTACION\Diseño de Software\Sistema_gestion_tutorias\Semana4\Act2-adapter-facade\Act2-adapter-facade\src\main\java\edu\uees\disenosoftware\adapter\ZoomAdapter.java. Using fallback presentation compiler.
2026.09.06 18:44:50 INFO  no build target found for D:\personal joffre barre\UESS - INGENIERIA COMPUTACION\Diseño de Software\Sistema_gestion_tutorias\Semana4\Act2-adapter-facade\Act2-adapter-facade\src\main\java\edu\uees\disenosoftware\adapter\ZoomAdapter.java. Using fallback presentation compiler.
2026.09.06 18:44:50 INFO  no build target found for D:\personal joffre barre\UESS - INGENIERIA COMPUTACION\Diseño de Software\Sistema_gestion_tutorias\Semana4\Act2-adapter-facade\Act2-adapter-facade\src\main\java\edu\uees\disenosoftware\adapter\ZoomAdapter.java. Using fallback presentation compiler.
2026.09.06 18:44:51 WARN  Running javac-semanticdb failed for file:///D:/personal%20joffre%20barre/UESS%20-%20INGENIERIA%20COMPUTACION/Diseño%20de%20Software/Sistema_gestion_tutorias/Semana4/Act2-adapter-facade/Act2-adapter-facade/src/main/java/edu/uees/disenosoftware/adapter/ZoomAdapter.java. Output:

2026.09.06 18:44:54 INFO  no build target found for D:\personal joffre barre\UESS - INGENIERIA COMPUTACION\Diseño de Software\Sistema_gestion_tutorias\Semana4\Act2-adapter-facade\Act2-adapter-facade\src\main\java\edu\uees\disenosoftware\adapter\ProveedorZoom.java. Using fallback presentation compiler.
2026.09.06 18:44:54 WARN  no build target for: D:\personal joffre barre\UESS - INGENIERIA COMPUTACION\Diseño de Software\Sistema_gestion_tutorias\Semana4\Act2-adapter-facade\Act2-adapter-facade\src\main\java\edu\uees\disenosoftware\adapter\ProveedorZoom.java
sept 06, 2026 6:44:54 P. M. org.eclipse.lsp4j.jsonrpc.RemoteEndpoint handleCancellation
ADVERTENCIA: Unmatched cancel notification for request id 87
2026.09.06 18:44:54 INFO  no build target found for D:\personal joffre barre\UESS - INGENIERIA COMPUTACION\Diseño de Software\Sistema_gestion_tutorias\Semana4\Act2-adapter-facade\Act2-adapter-facade\src\main\java\edu\uees\disenosoftware\adapter\ProveedorZoom.java. Using fallback presentation compiler.
sept 06, 2026 6:44:54 P. M. org.eclipse.lsp4j.jsonrpc.RemoteEndpoint handleCancellation
ADVERTENCIA: Unmatched cancel notification for request id 89
2026.09.06 18:44:54 INFO  no build target found for D:\personal joffre barre\UESS - INGENIERIA COMPUTACION\Diseño de Software\Sistema_gestion_tutorias\Semana4\Act2-adapter-facade\Act2-adapter-facade\src\main\java\edu\uees\disenosoftware\adapter\ProveedorZoom.java. Using fallback presentation compiler.
sept 06, 2026 6:44:54 P. M. org.eclipse.lsp4j.jsonrpc.RemoteEndpoint handleCancellation
ADVERTENCIA: Unmatched cancel notification for request id 90
2026.09.06 18:44:54 INFO  no build target found for D:\personal joffre barre\UESS - INGENIERIA COMPUTACION\Diseño de Software\Sistema_gestion_tutorias\Semana4\Act2-adapter-facade\Act2-adapter-facade\src\main\java\edu\uees\disenosoftware\adapter\ProveedorZoom.java. Using fallback presentation compiler.
2026.09.06 18:44:54 INFO  no build target found for D:\personal joffre barre\UESS - INGENIERIA COMPUTACION\Diseño de Software\Sistema_gestion_tutorias\Semana4\Act2-adapter-facade\Act2-adapter-facade\src\main\java\edu\uees\disenosoftware\adapter\ProveedorZoom.java. Using fallback presentation compiler.
2026.09.06 18:44:57 INFO  no build target found for D:\personal joffre barre\UESS - INGENIERIA COMPUTACION\Diseño de Software\Sistema_gestion_tutorias\Semana4\Act2-adapter-facade\Act2-adapter-facade\src\main\java\edu\uees\disenosoftware\adapter\ZoomAdapter.java. Using fallback presentation compiler.
2026.09.06 18:44:58 WARN  no build target for: D:\personal joffre barre\UESS - INGENIERIA COMPUTACION\Diseño de Software\Sistema_gestion_tutorias\Semana4\Act2-adapter-facade\Act2-adapter-facade\src\main\java\edu\uees\disenosoftware\adapter\ZoomAdapter.java
sept 06, 2026 6:44:58 P. M. org.eclipse.lsp4j.jsonrpc.RemoteEndpoint handleCancellation
ADVERTENCIA: Unmatched cancel notification for request id 96
2026.09.06 18:44:57 INFO  no build target found for D:\personal joffre barre\UESS - INGENIERIA COMPUTACION\Diseño de Software\Sistema_gestion_tutorias\Semana4\Act2-adapter-facade\Act2-adapter-facade\src\main\java\edu\uees\disenosoftware\adapter\ZoomAdapter.java. Using fallback presentation compiler.
sept 06, 2026 6:44:58 P. M. org.eclipse.lsp4j.jsonrpc.RemoteEndpoint handleCancellation
ADVERTENCIA: Unmatched cancel notification for request id 98
2026.09.06 18:44:57 INFO  no build target found for D:\personal joffre barre\UESS - INGENIERIA COMPUTACION\Diseño de Software\Sistema_gestion_tutorias\Semana4\Act2-adapter-facade\Act2-adapter-facade\src\main\java\edu\uees\disenosoftware\adapter\ZoomAdapter.java. Using fallback presentation compiler.
2026.09.06 18:44:58 INFO  no build target found for D:\personal joffre barre\UESS - INGENIERIA COMPUTACION\Diseño de Software\Sistema_gestion_tutorias\Semana4\Act2-adapter-facade\Act2-adapter-facade\src\main\java\edu\uees\disenosoftware\adapter\ZoomAdapter.java. Using fallback presentation compiler.
2026.09.06 18:44:57 INFO  no build target found for D:\personal joffre barre\UESS - INGENIERIA COMPUTACION\Diseño de Software\Sistema_gestion_tutorias\Semana4\Act2-adapter-facade\Act2-adapter-facade\src\main\java\edu\uees\disenosoftware\adapter\ZoomAdapter.java. Using fallback presentation compiler.
2026.09.06 18:44:58 INFO  no build target found for D:\personal joffre barre\UESS - INGENIERIA COMPUTACION\Diseño de Software\Sistema_gestion_tutorias\Semana4\Act2-adapter-facade\Act2-adapter-facade\src\main\java\edu\uees\disenosoftware\adapter\ZoomAdapter.java. Using fallback presentation compiler.
2026.09.06 18:45:00 INFO  no build target found for D:\personal joffre barre\UESS - INGENIERIA COMPUTACION\Diseño de Software\Sistema_gestion_tutorias\Semana4\Act2-adapter-facade\Act2-adapter-facade\src\main\java\edu\uees\disenosoftware\adapter\ZoomAdapter.java. Using fallback presentation compiler.
2026.09.06 18:45:00 INFO  no build target found for D:\personal joffre barre\UESS - INGENIERIA COMPUTACION\Diseño de Software\Sistema_gestion_tutorias\Semana4\Act2-adapter-facade\Act2-adapter-facade\src\main\java\edu\uees\disenosoftware\adapter\ZoomAdapter.java. Using fallback presentation compiler.
2026.09.06 18:45:01 INFO  no build target found for D:\personal joffre barre\UESS - INGENIERIA COMPUTACION\Diseño de Software\Sistema_gestion_tutorias\Semana4\Act2-adapter-facade\Act2-adapter-facade\src\main\java\edu\uees\disenosoftware\adapter\ZoomAdapter.java. Using fallback presentation compiler.
2026.09.06 18:45:06 INFO  no build target found for D:\personal joffre barre\UESS - INGENIERIA COMPUTACION\Diseño de Software\Sistema_gestion_tutorias\Semana4\Act2-adapter-facade\Act2-adapter-facade\src\main\java\edu\uees\disenosoftware\adapter\ZoomAdapter.java. Using fallback presentation compiler.
2026.09.06 18:45:06 INFO  no build target found for D:\personal joffre barre\UESS - INGENIERIA COMPUTACION\Diseño de Software\Sistema_gestion_tutorias\Semana4\Act2-adapter-facade\Act2-adapter-facade\src\main\java\edu\uees\disenosoftware\adapter\ZoomAdapter.java. Using fallback presentation compiler.
2026.09.06 18:45:06 INFO  no build target found for D:\personal joffre barre\UESS - INGENIERIA COMPUTACION\Diseño de Software\Sistema_gestion_tutorias\Semana4\Act2-adapter-facade\Act2-adapter-facade\src\main\java\edu\uees\disenosoftware\adapter\ZoomAdapter.java. Using fallback presentation compiler.
2026.09.06 18:45:06 INFO  no build target found for D:\personal joffre barre\UESS - INGENIERIA COMPUTACION\Diseño de Software\Sistema_gestion_tutorias\Semana4\Act2-adapter-facade\Act2-adapter-facade\src\main\java\edu\uees\disenosoftware\adapter\ZoomAdapter.java. Using fallback presentation compiler.
2026.09.06 18:45:08 INFO  no build target found for D:\personal joffre barre\UESS - INGENIERIA COMPUTACION\Diseño de Software\Sistema_gestion_tutorias\Semana4\Act2-adapter-facade\Act2-adapter-facade\src\main\java\edu\uees\disenosoftware\adapter\ZoomAdapter.java. Using fallback presentation compiler.
2026.09.06 18:45:08 INFO  no build target found for D:\personal joffre barre\UESS - INGENIERIA COMPUTACION\Diseño de Software\Sistema_gestion_tutorias\Semana4\Act2-adapter-facade\Act2-adapter-facade\src\main\java\edu\uees\disenosoftware\adapter\ZoomAdapter.java. Using fallback presentation compiler.
2026.09.06 18:45:08 INFO  no build target found for D:\personal joffre barre\UESS - INGENIERIA COMPUTACION\Diseño de Software\Sistema_gestion_tutorias\Semana4\Act2-adapter-facade\Act2-adapter-facade\src\main\java\edu\uees\disenosoftware\adapter\ZoomAdapter.java. Using fallback presentation compiler.
2026.09.06 18:45:08 INFO  no build target found for D:\personal joffre barre\UESS - INGENIERIA COMPUTACION\Diseño de Software\Sistema_gestion_tutorias\Semana4\Act2-adapter-facade\Act2-adapter-facade\src\main\java\edu\uees\disenosoftware\adapter\ZoomAdapter.java. Using fallback presentation compiler.
2026.09.06 18:45:10 INFO  no build target found for D:\personal joffre barre\UESS - INGENIERIA COMPUTACION\Diseño de Software\Sistema_gestion_tutorias\Semana4\Act2-adapter-facade\Act2-adapter-facade\src\main\java\edu\uees\disenosoftware\adapter\ZoomAdapter.java. Using fallback presentation compiler.
2026.09.06 18:45:10 INFO  no build target found for D:\personal joffre barre\UESS - INGENIERIA COMPUTACION\Diseño de Software\Sistema_gestion_tutorias\Semana4\Act2-adapter-facade\Act2-adapter-facade\src\main\java\edu\uees\disenosoftware\adapter\ZoomAdapter.java. Using fallback presentation compiler.
2026.09.06 18:45:10 WARN  Running javac-semanticdb failed for file:///D:/personal%20joffre%20barre/UESS%20-%20INGENIERIA%20COMPUTACION/Diseño%20de%20Software/Sistema_gestion_tutorias/Semana4/Act2-adapter-facade/Act2-adapter-facade/src/main/java/edu/uees/disenosoftware/adapter/ZoomAdapter.java. Output:

2026.09.06 18:45:10 INFO  no build target found for D:\personal joffre barre\UESS - INGENIERIA COMPUTACION\Diseño de Software\Sistema_gestion_tutorias\Semana4\Act2-adapter-facade\Act2-adapter-facade\src\main\java\edu\uees\disenosoftware\adapter\ZoomAdapter.java. Using fallback presentation compiler.
2026.09.06 18:45:10 INFO  no build target found for D:\personal joffre barre\UESS - INGENIERIA COMPUTACION\Diseño de Software\Sistema_gestion_tutorias\Semana4\Act2-adapter-facade\Act2-adapter-facade\src\main\java\edu\uees\disenosoftware\adapter\ZoomAdapter.java. Using fallback presentation compiler.
2026.09.06 18:45:10 WARN  Running javac-semanticdb failed for file:///D:/personal%20joffre%20barre/UESS%20-%20INGENIERIA%20COMPUTACION/Diseño%20de%20Software/Sistema_gestion_tutorias/Semana4/Act2-adapter-facade/Act2-adapter-facade/src/main/java/edu/uees/disenosoftware/adapter/ZoomAdapter.java. Output:

2026.09.06 18:45:10 INFO  no build target found for D:\personal joffre barre\UESS - INGENIERIA COMPUTACION\Diseño de Software\Sistema_gestion_tutorias\Semana4\Act2-adapter-facade\Act2-adapter-facade\src\main\java\edu\uees\disenosoftware\adapter\ZoomAdapter.java. Using fallback presentation compiler.
2026.09.06 18:45:11 INFO  no build target found for D:\personal joffre barre\UESS - INGENIERIA COMPUTACION\Diseño de Software\Sistema_gestion_tutorias\Semana4\Act2-adapter-facade\Act2-adapter-facade\src\main\java\edu\uees\disenosoftware\adapter\ZoomAdapter.java. Using fallback presentation compiler.
2026.09.06 18:45:25 WARN  no build target for: D:\personal joffre barre\UESS - INGENIERIA COMPUTACION\Diseño de Software\Sistema_gestion_tutorias\Semana4\Act2-adapter-facade\Act2-adapter-facade\src\main\java\edu\uees\disenosoftware\adapter\ZoomAdapter.java
2026.09.06 18:45:25 INFO  no build target found for D:\personal joffre barre\UESS - INGENIERIA COMPUTACION\Diseño de Software\Sistema_gestion_tutorias\Semana4\Act2-adapter-facade\Act2-adapter-facade\src\main\java\edu\uees\disenosoftware\adapter\ZoomAdapter.java. Using fallback presentation compiler.
2026.09.06 18:45:28 INFO  Shutting down server
2026.09.06 18:45:28 INFO  Memory monitor stopped
2026.09.06 18:45:28 INFO  shutting down Metals
2026.09.06 18:45:28 INFO  Exiting server
2026.09.06 19:04:34 INFO  Started: Metals version 1.6.8 in folders 'D:\personal joffre barre\UESS - INGENIERIA COMPUTACION\Diseño de Software\Sistema_gestion_tutorias\Semana4\Act2-adapter-facade\Act2-adapter-facade\src\main\java\edu\uees\disenosoftware\adapter' for client Visual Studio Code 1.136.1.
2026.09.06 19:04:34 INFO  Memory monitor started
2026.09.06 19:04:38 WARN  Using H2 2.4.240 which is newer than the version Flyway has been verified with. The latest verified version of H2 is 2.3.232.
2026.09.06 19:04:39 INFO  no build target found for D:\personal joffre barre\UESS - INGENIERIA COMPUTACION\Diseño de Software\Sistema_gestion_tutorias\Semana4\Act2-adapter-facade\Act2-adapter-facade\src\main\java\edu\uees\disenosoftware\adapter\ZoomAdapter.java. Using fallback presentation compiler.
2026.09.06 19:04:41 WARN  no build tool detected in workspace 'D:\personal joffre barre\UESS - INGENIERIA COMPUTACION\Diseño de Software\Sistema_gestion_tutorias\Semana4\Act2-adapter-facade\Act2-adapter-facade\src\main\java\edu\uees\disenosoftware\adapter'. The most common cause for this problem is that the editor was opened in the wrong working directory, for example if you use sbt then the workspace directory should contain build.sbt. 
2026.09.06 19:04:41 WARN  Build server is not auto-connectable.
2026.09.06 19:04:41 WARN  no build target for: D:\personal joffre barre\UESS - INGENIERIA COMPUTACION\Diseño de Software\Sistema_gestion_tutorias\Semana4\Act2-adapter-facade\Act2-adapter-facade\src\main\java\edu\uees\disenosoftware\adapter\ZoomAdapter.java
2026.09.06 19:04:42 INFO  no build target found for D:\personal joffre barre\UESS - INGENIERIA COMPUTACION\Diseño de Software\Sistema_gestion_tutorias\Semana4\Act2-adapter-facade\Act2-adapter-facade\src\main\java\edu\uees\disenosoftware\adapter\ZoomAdapter.java. Using fallback presentation compiler.
2026.09.06 19:04:42 WARN  Running javac-semanticdb failed for file:///D:/personal%20joffre%20barre/UESS%20-%20INGENIERIA%20COMPUTACION/Diseño%20de%20Software/Sistema_gestion_tutorias/Semana4/Act2-adapter-facade/Act2-adapter-facade/src/main/java/edu/uees/disenosoftware/adapter/ZoomAdapter.java. Output:

2026.09.06 19:04:44 INFO  no build target found for D:\personal joffre barre\UESS - INGENIERIA COMPUTACION\Diseño de Software\Sistema_gestion_tutorias\Semana4\Act2-adapter-facade\Act2-adapter-facade\src\main\java\edu\uees\disenosoftware\adapter\ZoomAdapter.java. Using fallback presentation compiler.
2026.09.06 19:04:46 INFO  no build target found for D:\personal joffre barre\UESS - INGENIERIA COMPUTACION\Diseño de Software\Sistema_gestion_tutorias\Semana4\Act2-adapter-facade\Act2-adapter-facade\src\main\java\edu\uees\disenosoftware\adapter\ZoomAdapter.java. Using fallback presentation compiler.
2026.09.06 19:04:48 INFO  no build target found for D:\personal joffre barre\UESS - INGENIERIA COMPUTACION\Diseño de Software\Sistema_gestion_tutorias\Semana4\Act2-adapter-facade\Act2-adapter-facade\src\main\java\edu\uees\disenosoftware\adapter\ZoomAdapter.java. Using fallback presentation compiler.
2026.09.06 19:04:49 WARN  no build target for: D:\personal joffre barre\UESS - INGENIERIA COMPUTACION\Diseño de Software\Sistema_gestion_tutorias\Semana4\Act2-adapter-facade\Act2-adapter-facade\src\main\java\edu\uees\disenosoftware\adapter\MicrosoftTeamsAPI.java
2026.09.06 19:04:49 WARN  Running javac-semanticdb failed for file:///D:/personal%20joffre%20barre/UESS%20-%20INGENIERIA%20COMPUTACION/Diseño%20de%20Software/Sistema_gestion_tutorias/Semana4/Act2-adapter-facade/Act2-adapter-facade/src/main/java/edu/uees/disenosoftware/adapter/MicrosoftTeamsAPI.java. Output:

2026.09.06 19:04:49 INFO  no build target found for D:\personal joffre barre\UESS - INGENIERIA COMPUTACION\Diseño de Software\Sistema_gestion_tutorias\Semana4\Act2-adapter-facade\Act2-adapter-facade\src\main\java\edu\uees\disenosoftware\adapter\MicrosoftTeamsAPI.java. Using fallback presentation compiler.
2026.09.06 19:04:53 INFO  no build target found for D:\personal joffre barre\UESS - INGENIERIA COMPUTACION\Diseño de Software\Sistema_gestion_tutorias\Semana4\Act2-adapter-facade\Act2-adapter-facade\src\main\java\edu\uees\disenosoftware\adapter\MicrosoftTeamsAPI.java. Using fallback presentation compiler.
2026.09.06 19:04:53 INFO  no build target found for D:\personal joffre barre\UESS - INGENIERIA COMPUTACION\Diseño de Software\Sistema_gestion_tutorias\Semana4\Act2-adapter-facade\Act2-adapter-facade\src\main\java\edu\uees\disenosoftware\adapter\MicrosoftTeamsAPI.java. Using fallback presentation compiler.
sept 06, 2026 7:04:54 P. M. org.eclipse.lsp4j.jsonrpc.RemoteEndpoint handleCancellation
ADVERTENCIA: Unmatched cancel notification for request id 20
2026.09.06 19:04:54 INFO  no build target found for D:\personal joffre barre\UESS - INGENIERIA COMPUTACION\Diseño de Software\Sistema_gestion_tutorias\Semana4\Act2-adapter-facade\Act2-adapter-facade\src\main\java\edu\uees\disenosoftware\adapter\MicrosoftTeamsAPI.java. Using fallback presentation compiler.
sept 06, 2026 7:04:55 P. M. org.eclipse.lsp4j.jsonrpc.RemoteEndpoint handleCancellation
ADVERTENCIA: Unmatched cancel notification for request id 21
2026.09.06 19:04:55 INFO  no build target found for D:\personal joffre barre\UESS - INGENIERIA COMPUTACION\Diseño de Software\Sistema_gestion_tutorias\Semana4\Act2-adapter-facade\Act2-adapter-facade\src\main\java\edu\uees\disenosoftware\adapter\MicrosoftTeamsAPI.java. Using fallback presentation compiler.
2026.09.06 19:04:54 INFO  no build target found for D:\personal joffre barre\UESS - INGENIERIA COMPUTACION\Diseño de Software\Sistema_gestion_tutorias\Semana4\Act2-adapter-facade\Act2-adapter-facade\src\main\java\edu\uees\disenosoftware\adapter\MicrosoftTeamsAPI.java. Using fallback presentation compiler.
sept 06, 2026 7:04:55 P. M. org.eclipse.lsp4j.jsonrpc.RemoteEndpoint handleCancellation
ADVERTENCIA: Unmatched cancel notification for request id 27
2026.09.06 19:04:55 INFO  no build target found for D:\personal joffre barre\UESS - INGENIERIA COMPUTACION\Diseño de Software\Sistema_gestion_tutorias\Semana4\Act2-adapter-facade\Act2-adapter-facade\src\main\java\edu\uees\disenosoftware\adapter\MicrosoftTeamsAPI.java. Using fallback presentation compiler.
2026.09.06 19:04:55 INFO  no build target found for D:\personal joffre barre\UESS - INGENIERIA COMPUTACION\Diseño de Software\Sistema_gestion_tutorias\Semana4\Act2-adapter-facade\Act2-adapter-facade\src\main\java\edu\uees\disenosoftware\adapter\MicrosoftTeamsAPI.java. Using fallback presentation compiler.
sept 06, 2026 7:04:56 P. M. org.eclipse.lsp4j.jsonrpc.RemoteEndpoint handleCancellation
ADVERTENCIA: Unmatched cancel notification for request id 30
sept 06, 2026 7:04:56 P. M. org.eclipse.lsp4j.jsonrpc.RemoteEndpoint handleCancellation
ADVERTENCIA: Unmatched cancel notification for request id 23
2026.09.06 19:04:55 INFO  no build target found for D:\personal joffre barre\UESS - INGENIERIA COMPUTACION\Diseño de Software\Sistema_gestion_tutorias\Semana4\Act2-adapter-facade\Act2-adapter-facade\src\main\java\edu\uees\disenosoftware\adapter\MicrosoftTeamsAPI.java. Using fallback presentation compiler.
2026.09.06 19:04:55 INFO  no build target found for D:\personal joffre barre\UESS - INGENIERIA COMPUTACION\Diseño de Software\Sistema_gestion_tutorias\Semana4\Act2-adapter-facade\Act2-adapter-facade\src\main\java\edu\uees\disenosoftware\adapter\MicrosoftTeamsAPI.java. Using fallback presentation compiler.
2026.09.06 19:04:55 INFO  no build target found for D:\personal joffre barre\UESS - INGENIERIA COMPUTACION\Diseño de Software\Sistema_gestion_tutorias\Semana4\Act2-adapter-facade\Act2-adapter-facade\src\main\java\edu\uees\disenosoftware\adapter\MicrosoftTeamsAPI.java. Using fallback presentation compiler.
sept 06, 2026 7:04:57 P. M. org.eclipse.lsp4j.jsonrpc.RemoteEndpoint handleCancellation
ADVERTENCIA: Unmatched cancel notification for request id 28
sept 06, 2026 7:04:57 P. M. org.eclipse.lsp4j.jsonrpc.RemoteEndpoint handleCancellation
ADVERTENCIA: Unmatched cancel notification for request id 32
2026.09.06 19:04:57 INFO  no build target found for D:\personal joffre barre\UESS - INGENIERIA COMPUTACION\Diseño de Software\Sistema_gestion_tutorias\Semana4\Act2-adapter-facade\Act2-adapter-facade\src\main\java\edu\uees\disenosoftware\adapter\MicrosoftTeamsAPI.java. Using fallback presentation compiler.
2026.09.06 19:04:57 INFO  no build target found for D:\personal joffre barre\UESS - INGENIERIA COMPUTACION\Diseño de Software\Sistema_gestion_tutorias\Semana4\Act2-adapter-facade\Act2-adapter-facade\src\main\java\edu\uees\disenosoftware\adapter\MicrosoftTeamsAPI.java. Using fallback presentation compiler.
2026.09.06 19:04:58 WARN  Running javac-semanticdb failed for file:///D:/personal%20joffre%20barre/UESS%20-%20INGENIERIA%20COMPUTACION/Diseño%20de%20Software/Sistema_gestion_tutorias/Semana4/Act2-adapter-facade/Act2-adapter-facade/src/main/java/edu/uees/disenosoftware/adapter/MicrosoftTeamsAPI.java. Output:

2026.09.06 19:05:17 WARN  no build target for: D:\personal joffre barre\UESS - INGENIERIA COMPUTACION\Diseño de Software\Sistema_gestion_tutorias\Semana4\Act2-adapter-facade\Act2-adapter-facade\src\main\java\edu\uees\disenosoftware\adapter\TeamsAdapter.java
2026.09.06 19:05:17 WARN  Running javac-semanticdb failed for file:///D:/personal%20joffre%20barre/UESS%20-%20INGENIERIA%20COMPUTACION/Diseño%20de%20Software/Sistema_gestion_tutorias/Semana4/Act2-adapter-facade/Act2-adapter-facade/src/main/java/edu/uees/disenosoftware/adapter/TeamsAdapter.java. Output:

2026.09.06 19:05:17 INFO  no build target found for D:\personal joffre barre\UESS - INGENIERIA COMPUTACION\Diseño de Software\Sistema_gestion_tutorias\Semana4\Act2-adapter-facade\Act2-adapter-facade\src\main\java\edu\uees\disenosoftware\adapter\TeamsAdapter.java. Using fallback presentation compiler.
2026.09.06 19:05:18 INFO  no build target found for D:\personal joffre barre\UESS - INGENIERIA COMPUTACION\Diseño de Software\Sistema_gestion_tutorias\Semana4\Act2-adapter-facade\Act2-adapter-facade\src\main\java\edu\uees\disenosoftware\adapter\TeamsAdapter.java. Using fallback presentation compiler.
2026.09.06 19:05:18 INFO  no build target found for D:\personal joffre barre\UESS - INGENIERIA COMPUTACION\Diseño de Software\Sistema_gestion_tutorias\Semana4\Act2-adapter-facade\Act2-adapter-facade\src\main\java\edu\uees\disenosoftware\adapter\TeamsAdapter.java. Using fallback presentation compiler.
sept 06, 2026 7:05:18 P. M. org.eclipse.lsp4j.jsonrpc.RemoteEndpoint handleCancellation
ADVERTENCIA: Unmatched cancel notification for request id 46
2026.09.06 19:05:17 INFO  no build target found for D:\personal joffre barre\UESS - INGENIERIA COMPUTACION\Diseño de Software\Sistema_gestion_tutorias\Semana4\Act2-adapter-facade\Act2-adapter-facade\src\main\java\edu\uees\disenosoftware\adapter\TeamsAdapter.java. Using fallback presentation compiler.
2026.09.06 19:05:18 INFO  no build target found for D:\personal joffre barre\UESS - INGENIERIA COMPUTACION\Diseño de Software\Sistema_gestion_tutorias\Semana4\Act2-adapter-facade\Act2-adapter-facade\src\main\java\edu\uees\disenosoftware\adapter\TeamsAdapter.java. Using fallback presentation compiler.
2026.09.06 19:05:18 INFO  no build target found for D:\personal joffre barre\UESS - INGENIERIA COMPUTACION\Diseño de Software\Sistema_gestion_tutorias\Semana4\Act2-adapter-facade\Act2-adapter-facade\src\main\java\edu\uees\disenosoftware\adapter\TeamsAdapter.java. Using fallback presentation compiler.
2026.09.06 19:05:20 INFO  no build target found for D:\personal joffre barre\UESS - INGENIERIA COMPUTACION\Diseño de Software\Sistema_gestion_tutorias\Semana4\Act2-adapter-facade\Act2-adapter-facade\src\main\java\edu\uees\disenosoftware\adapter\TeamsAdapter.java. Using fallback presentation compiler.
2026.09.06 19:05:20 INFO  no build target found for D:\personal joffre barre\UESS - INGENIERIA COMPUTACION\Diseño de Software\Sistema_gestion_tutorias\Semana4\Act2-adapter-facade\Act2-adapter-facade\src\main\java\edu\uees\disenosoftware\adapter\TeamsAdapter.java. Using fallback presentation compiler.
2026.09.06 19:05:20 INFO  no build target found for D:\personal joffre barre\UESS - INGENIERIA COMPUTACION\Diseño de Software\Sistema_gestion_tutorias\Semana4\Act2-adapter-facade\Act2-adapter-facade\src\main\java\edu\uees\disenosoftware\adapter\TeamsAdapter.java. Using fallback presentation compiler.
2026.09.06 19:05:21 INFO  no build target found for D:\personal joffre barre\UESS - INGENIERIA COMPUTACION\Diseño de Software\Sistema_gestion_tutorias\Semana4\Act2-adapter-facade\Act2-adapter-facade\src\main\java\edu\uees\disenosoftware\adapter\TeamsAdapter.java. Using fallback presentation compiler.
2026.09.06 19:05:21 INFO  no build target found for D:\personal joffre barre\UESS - INGENIERIA COMPUTACION\Diseño de Software\Sistema_gestion_tutorias\Semana4\Act2-adapter-facade\Act2-adapter-facade\src\main\java\edu\uees\disenosoftware\adapter\TeamsAdapter.java. Using fallback presentation compiler.
2026.09.06 19:05:21 INFO  no build target found for D:\personal joffre barre\UESS - INGENIERIA COMPUTACION\Diseño de Software\Sistema_gestion_tutorias\Semana4\Act2-adapter-facade\Act2-adapter-facade\src\main\java\edu\uees\disenosoftware\adapter\TeamsAdapter.java. Using fallback presentation compiler.
2026.09.06 19:05:21 INFO  no build target found for D:\personal joffre barre\UESS - INGENIERIA COMPUTACION\Diseño de Software\Sistema_gestion_tutorias\Semana4\Act2-adapter-facade\Act2-adapter-facade\src\main\java\edu\uees\disenosoftware\adapter\TeamsAdapter.java. Using fallback presentation compiler.
2026.09.06 19:05:21 INFO  no build target found for D:\personal joffre barre\UESS - INGENIERIA COMPUTACION\Diseño de Software\Sistema_gestion_tutorias\Semana4\Act2-adapter-facade\Act2-adapter-facade\src\main\java\edu\uees\disenosoftware\adapter\TeamsAdapter.java. Using fallback presentation compiler.
2026.09.06 19:05:25 WARN  no build target for: D:\personal joffre barre\UESS - INGENIERIA COMPUTACION\Diseño de Software\Sistema_gestion_tutorias\Semana4\Act2-adapter-facade\Act2-adapter-facade\src\main\java\edu\uees\disenosoftware\adapter\TeamsAdapter.java
2026.09.06 19:05:25 INFO  no build target found for D:\personal joffre barre\UESS - INGENIERIA COMPUTACION\Diseño de Software\Sistema_gestion_tutorias\Semana4\Act2-adapter-facade\Act2-adapter-facade\src\main\java\edu\uees\disenosoftware\adapter\TeamsAdapter.java. Using fallback presentation compiler.
2026.09.06 19:05:25 WARN  Running javac-semanticdb failed for file:///D:/personal%20joffre%20barre/UESS%20-%20INGENIERIA%20COMPUTACION/Diseño%20de%20Software/Sistema_gestion_tutorias/Semana4/Act2-adapter-facade/Act2-adapter-facade/src/main/java/edu/uees/disenosoftware/adapter/TeamsAdapter.java. Output:

2026.09.06 19:05:58 WARN  no build target for: D:\personal joffre barre\UESS - INGENIERIA COMPUTACION\Diseño de Software\Sistema_gestion_tutorias\Semana4\Act2-adapter-facade\Act2-adapter-facade\src\main\java\edu\uees\disenosoftware\adapter\MicrosoftTeamsAPI.java
2026.09.06 19:05:58 INFO  Shutting down server
2026.09.06 19:05:58 INFO  Memory monitor stopped
2026.09.06 19:05:58 INFO  shutting down Metals
2026.09.06 19:05:58 INFO  Exiting server
